[2026-01-13T01:02:28.187+0000] {local_task_job_runner.py:120} INFO - ::group::Pre task execution logs
[2026-01-13T01:02:28.261+0000] {taskinstance.py:2076} INFO - Dependencies all met for dep_context=non-requeueable deps ti=<TaskInstance: 01_create_raw_tables.create_raw_deuda_publica manual__2026-01-13T01:02:26.629410+00:00 [queued]>
[2026-01-13T01:02:28.280+0000] {taskinstance.py:2076} INFO - Dependencies all met for dep_context=requeueable deps ti=<TaskInstance: 01_create_raw_tables.create_raw_deuda_publica manual__2026-01-13T01:02:26.629410+00:00 [queued]>
[2026-01-13T01:02:28.281+0000] {taskinstance.py:2306} INFO - Starting attempt 1 of 1
[2026-01-13T01:02:28.310+0000] {taskinstance.py:2330} INFO - Executing <Task(MsSqlOperator): create_raw_deuda_publica> on 2026-01-13 01:02:26.629410+00:00
[2026-01-13T01:02:28.319+0000] {standard_task_runner.py:64} INFO - Started process 297 to run task
[2026-01-13T01:02:28.325+0000] {standard_task_runner.py:90} INFO - Running: ['***', 'tasks', 'run', '01_create_raw_tables', 'create_raw_deuda_publica', 'manual__2026-01-13T01:02:26.629410+00:00', '--job-id', '7', '--raw', '--subdir', 'DAGS_FOLDER/01_create_raw_tables_dag.py', '--cfg-path', '/tmp/tmpf5it_kcr']
[2026-01-13T01:02:28.329+0000] {standard_task_runner.py:91} INFO - Job 7: Subtask create_raw_deuda_publica
[2026-01-13T01:02:28.494+0000] {task_command.py:426} INFO - Running <TaskInstance: 01_create_raw_tables.create_raw_deuda_publica manual__2026-01-13T01:02:26.629410+00:00 [running]> on host d24bab73cd68
[2026-01-13T01:02:29.304+0000] {taskinstance.py:2648} INFO - Exporting env vars: AIRFLOW_CTX_DAG_OWNER='***' AIRFLOW_CTX_DAG_ID='01_create_raw_tables' AIRFLOW_CTX_TASK_ID='create_raw_deuda_publica' AIRFLOW_CTX_EXECUTION_DATE='2026-01-13T01:02:26.629410+00:00' AIRFLOW_CTX_TRY_NUMBER='1' AIRFLOW_CTX_DAG_RUN_ID='manual__2026-01-13T01:02:26.629410+00:00'
[2026-01-13T01:02:29.318+0000] {taskinstance.py:430} INFO - ::endgroup::
[2026-01-13T01:02:29.379+0000] {sql.py:282} INFO - Executing: IF NOT EXISTS (
    SELECT 1
    FROM sys.tables t
    JOIN sys.schemas s ON t.schema_id = s.schema_id
    WHERE t.name = 'raw_deuda_publica'
    AND s.name = 'raw'
)
BEGIN
    CREATE TABLE raw.raw_deuda_publica (
        raw_id BIGINT IDENTITY(1,1) PRIMARY KEY,

        payload NVARCHAR(MAX) NOT NULL,     -- JSON crudo
        source_system VARCHAR(50) NOT NULL, -- 'odmh_hacienda_py'

        execution_date DATE NOT NULL,        -- fecha lógica del proceso
        ingestion_timestamp DATETIME2 NOT NULL
            DEFAULT SYSUTCDATETIME(),

        page_number INT NOT NULL,
        request_hash CHAR(64) NOT NULL       -- idempotencia real
    );

    CREATE UNIQUE INDEX ux_raw_deuda_publica_idempotency
        ON raw.raw_deuda_publica (request_hash);
END
GO
[2026-01-13T01:02:29.481+0000] {base.py:84} INFO - Using connection ID 'sqlserver_hacienda' for task execution.
[2026-01-13T01:02:29.615+0000] {base.py:84} INFO - Using connection ID 'sqlserver_hacienda' for task execution.
[2026-01-13T01:02:29.663+0000] {sql.py:495} INFO - Running statement: IF NOT EXISTS (
    SELECT 1
    FROM sys.tables t
    JOIN sys.schemas s ON t.schema_id = s.schema_id
    WHERE t.name = 'raw_deuda_publica'
    AND s.name = 'raw'
)
BEGIN
    CREATE TABLE raw.raw_deuda_publica (
        raw_id BIGINT IDENTITY(1,1) PRIMARY KEY,

        payload NVARCHAR(MAX) NOT NULL,     -- JSON crudo
        source_system VARCHAR(50) NOT NULL, -- 'odmh_hacienda_py'

        execution_date DATE NOT NULL,        -- fecha lógica del proceso
        ingestion_timestamp DATETIME2 NOT NULL
            DEFAULT SYSUTCDATETIME(),

        page_number INT NOT NULL,
        request_hash CHAR(64) NOT NULL       -- idempotencia real
    );

    CREATE UNIQUE INDEX ux_raw_deuda_publica_idempotency
        ON raw.raw_deuda_publica (request_hash);
END
GO, parameters: None
[2026-01-13T01:02:29.688+0000] {taskinstance.py:441} INFO - ::group::Post task execution logs
[2026-01-13T01:02:29.689+0000] {taskinstance.py:2905} ERROR - Task failed with exception
Traceback (most recent call last):
  File "src/pymssql/_pymssql.pyx", line 447, in pymssql._pymssql.Cursor.execute
  File "src/pymssql/_mssql.pyx", line 1145, in pymssql._mssql.MSSQLConnection.execute_query
  File "src/pymssql/_mssql.pyx", line 1176, in pymssql._mssql.MSSQLConnection.execute_query
  File "src/pymssql/_mssql.pyx", line 1309, in pymssql._mssql.MSSQLConnection.format_and_run_query
  File "src/pymssql/_mssql.pyx", line 1886, in pymssql._mssql.check_cancel_and_raise
  File "src/pymssql/_mssql.pyx", line 1932, in pymssql._mssql.raise_MSSQLDatabaseException
pymssql._mssql.MSSQLDatabaseException: (102, b"Incorrect syntax near 'GO'.DB-Lib error message 20018, severity 15:\nGeneral SQL Server error: Check messages from the SQL Server\n")

During handling of the above exception, another exception occurred:

Traceback (most recent call last):
  File "/home/airflow/.local/lib/python3.10/site-packages/airflow/models/taskinstance.py", line 465, in _execute_task
    result = _execute_callable(context=context, **execute_callable_kwargs)
  File "/home/airflow/.local/lib/python3.10/site-packages/airflow/models/taskinstance.py", line 432, in _execute_callable
    return execute_callable(context=context, **execute_callable_kwargs)
  File "/home/airflow/.local/lib/python3.10/site-packages/airflow/models/baseoperator.py", line 401, in wrapper
    return func(self, *args, **kwargs)
  File "/home/airflow/.local/lib/python3.10/site-packages/airflow/providers/common/sql/operators/sql.py", line 288, in execute
    output = hook.run(
  File "/home/airflow/.local/lib/python3.10/site-packages/airflow/providers/common/sql/hooks/sql.py", line 442, in run
    self._run_command(cur, sql_statement, parameters)
  File "/home/airflow/.local/lib/python3.10/site-packages/airflow/providers/common/sql/hooks/sql.py", line 500, in _run_command
    cur.execute(sql_statement)
  File "src/pymssql/_pymssql.pyx", line 462, in pymssql._pymssql.Cursor.execute
pymssql.exceptions.ProgrammingError: (102, b"Incorrect syntax near 'GO'.DB-Lib error message 20018, severity 15:\nGeneral SQL Server error: Check messages from the SQL Server\n")
[2026-01-13T01:02:29.762+0000] {taskinstance.py:1206} INFO - Marking task as FAILED. dag_id=01_create_raw_tables, task_id=create_raw_deuda_publica, run_id=manual__2026-01-13T01:02:26.629410+00:00, execution_date=20260113T010226, start_date=20260113T010228, end_date=20260113T010229
[2026-01-13T01:02:29.829+0000] {standard_task_runner.py:110} ERROR - Failed to execute job 7 for task create_raw_deuda_publica ((102, b"Incorrect syntax near 'GO'.DB-Lib error message 20018, severity 15:\nGeneral SQL Server error: Check messages from the SQL Server\n"); 297)
[2026-01-13T01:02:29.911+0000] {local_task_job_runner.py:243} INFO - Task exited with return code 1
[2026-01-13T01:02:29.983+0000] {taskinstance.py:3503} INFO - 0 downstream tasks scheduled from follow-on schedule check
[2026-01-13T01:02:29.992+0000] {local_task_job_runner.py:222} INFO - ::endgroup::
