[2026-01-12T23:23:42.852+0000] {manager.py:470} INFO - Processing files using up to 2 processes at a time 
[2026-01-12T23:23:42.856+0000] {manager.py:471} INFO - Process each file at most once every 30 seconds
[2026-01-12T23:23:42.863+0000] {manager.py:472} INFO - Checking for new files in /opt/airflow/dags every 300 seconds
[2026-01-12T23:23:42.868+0000] {manager.py:737} INFO - Searching for files in /opt/airflow/dags
[2026-01-12T23:23:42.899+0000] {manager.py:740} INFO - There are 0 files in /opt/airflow/dags
[2026-01-12T23:28:43.585+0000] {manager.py:737} INFO - Searching for files in /opt/airflow/dags
[2026-01-12T23:28:43.598+0000] {manager.py:740} INFO - There are 0 files in /opt/airflow/dags
[2026-01-12T23:29:06.732+0000] {manager.py:452} INFO - Exiting gracefully upon receiving signal 15
[2026-01-13T00:23:44.495+0000] {manager.py:470} INFO - Processing files using up to 2 processes at a time 
[2026-01-13T00:23:44.502+0000] {manager.py:471} INFO - Process each file at most once every 30 seconds
[2026-01-13T00:23:44.504+0000] {manager.py:472} INFO - Checking for new files in /opt/airflow/dags every 300 seconds
[2026-01-13T00:23:44.505+0000] {manager.py:737} INFO - Searching for files in /opt/airflow/dags
[2026-01-13T00:23:44.531+0000] {manager.py:740} INFO - There are 2 files in /opt/airflow/dags
[2026-01-13T00:23:46.252+0000] {manager.py:878} INFO - 
================================================================================
DAG File Processing Stats

File Path                                        PID  Runtime      # DAGs    # Errors  Last Runtime    Last Run
---------------------------------------------  -----  ---------  --------  ----------  --------------  ----------
/opt/airflow/dags/00_create_schemas_dag.py       163  0.47s             0           0
/opt/airflow/dags/01_create_raw_tables_dag.py    160  0.58s             0           0
================================================================================
[2026-01-13T00:24:16.833+0000] {manager.py:878} INFO - 
================================================================================
DAG File Processing Stats

File Path                                      PID    Runtime      # DAGs    # Errors  Last Runtime    Last Run
---------------------------------------------  -----  ---------  --------  ----------  --------------  -------------------
/opt/airflow/dags/01_create_raw_tables_dag.py                           1           0  2.51s           2026-01-13T00:23:48
/opt/airflow/dags/00_create_schemas_dag.py                              1           0  2.38s           2026-01-13T00:23:48
================================================================================
[2026-01-13T00:24:47.012+0000] {manager.py:878} INFO - 
================================================================================
DAG File Processing Stats

File Path                                      PID    Runtime      # DAGs    # Errors  Last Runtime    Last Run
---------------------------------------------  -----  ---------  --------  ----------  --------------  -------------------
/opt/airflow/dags/00_create_schemas_dag.py                              1           0  0.82s           2026-01-13T00:24:19
/opt/airflow/dags/01_create_raw_tables_dag.py                           1           0  0.71s           2026-01-13T00:24:19
================================================================================
[2026-01-13T00:25:17.756+0000] {manager.py:878} INFO - 
================================================================================
DAG File Processing Stats

File Path                                      PID    Runtime      # DAGs    # Errors  Last Runtime    Last Run
---------------------------------------------  -----  ---------  --------  ----------  --------------  -------------------
/opt/airflow/dags/00_create_schemas_dag.py                              1           0  1.39s           2026-01-13T00:24:51
/opt/airflow/dags/01_create_raw_tables_dag.py                           1           0  1.31s           2026-01-13T00:24:51
================================================================================
[2026-01-13T00:25:48.377+0000] {manager.py:878} INFO - 
================================================================================
DAG File Processing Stats

File Path                                        PID  Runtime      # DAGs    # Errors  Last Runtime    Last Run
---------------------------------------------  -----  ---------  --------  ----------  --------------  -------------------
/opt/airflow/dags/01_create_raw_tables_dag.py    212  0.02s             1           0  0.84s           2026-01-13T00:25:22
/opt/airflow/dags/00_create_schemas_dag.py                              1           0  0.25s           2026-01-13T00:25:43
================================================================================
[2026-01-13T00:26:19.118+0000] {manager.py:878} INFO - 
================================================================================
DAG File Processing Stats

File Path                                        PID  Runtime      # DAGs    # Errors  Last Runtime    Last Run
---------------------------------------------  -----  ---------  --------  ----------  --------------  -------------------
/opt/airflow/dags/00_create_schemas_dag.py                              1           0  0.40s           2026-01-13T00:26:14
/opt/airflow/dags/01_create_raw_tables_dag.py    224  0.02s             1           0  0.33s           2026-01-13T00:25:48
================================================================================
[2026-01-13T00:26:49.224+0000] {manager.py:878} INFO - 
================================================================================
DAG File Processing Stats

File Path                                      PID    Runtime      # DAGs    # Errors  Last Runtime    Last Run
---------------------------------------------  -----  ---------  --------  ----------  --------------  -------------------
/opt/airflow/dags/00_create_schemas_dag.py                              1           0  0.86s           2026-01-13T00:26:36
/opt/airflow/dags/01_create_raw_tables_dag.py                           1           0  0.29s           2026-01-13T00:26:19
================================================================================
[2026-01-13T00:27:19.643+0000] {manager.py:878} INFO - 
================================================================================
DAG File Processing Stats

File Path                                      PID    Runtime      # DAGs    # Errors  Last Runtime    Last Run
---------------------------------------------  -----  ---------  --------  ----------  --------------  -------------------
/opt/airflow/dags/01_create_raw_tables_dag.py                           1           0  0.68s           2026-01-13T00:26:50
/opt/airflow/dags/00_create_schemas_dag.py                              1           0  0.65s           2026-01-13T00:27:07
================================================================================
[2026-01-13T00:27:50.068+0000] {manager.py:878} INFO - 
================================================================================
DAG File Processing Stats

File Path                                      PID    Runtime      # DAGs    # Errors  Last Runtime    Last Run
---------------------------------------------  -----  ---------  --------  ----------  --------------  -------------------
/opt/airflow/dags/00_create_schemas_dag.py                              1           0  2.22s           2026-01-13T00:27:39
/opt/airflow/dags/01_create_raw_tables_dag.py                           1           0  0.49s           2026-01-13T00:27:21
================================================================================
[2026-01-13T00:28:20.506+0000] {manager.py:878} INFO - 
================================================================================
DAG File Processing Stats

File Path                                      PID    Runtime      # DAGs    # Errors  Last Runtime    Last Run
---------------------------------------------  -----  ---------  --------  ----------  --------------  -------------------
/opt/airflow/dags/01_create_raw_tables_dag.py                           1           0  0.93s           2026-01-13T00:27:53
/opt/airflow/dags/00_create_schemas_dag.py                              1           0  0.51s           2026-01-13T00:28:10
================================================================================
[2026-01-13T00:28:45.049+0000] {manager.py:737} INFO - Searching for files in /opt/airflow/dags
[2026-01-13T00:28:45.068+0000] {manager.py:740} INFO - There are 2 files in /opt/airflow/dags
[2026-01-13T00:28:51.238+0000] {manager.py:878} INFO - 
================================================================================
DAG File Processing Stats

File Path                                        PID  Runtime      # DAGs    # Errors  Last Runtime    Last Run
---------------------------------------------  -----  ---------  --------  ----------  --------------  -------------------
/opt/airflow/dags/00_create_schemas_dag.py       281  0.01s             1           0  0.56s           2026-01-13T00:28:41
/opt/airflow/dags/01_create_raw_tables_dag.py                           1           0  0.38s           2026-01-13T00:28:23
================================================================================
[2026-01-13T00:29:21.591+0000] {manager.py:878} INFO - 
================================================================================
DAG File Processing Stats

File Path                                      PID    Runtime      # DAGs    # Errors  Last Runtime    Last Run
---------------------------------------------  -----  ---------  --------  ----------  --------------  -------------------
/opt/airflow/dags/00_create_schemas_dag.py                              1           0  1.03s           2026-01-13T00:28:52
/opt/airflow/dags/01_create_raw_tables_dag.py                           1           0  0.21s           2026-01-13T00:28:54
================================================================================
[2026-01-13T00:29:52.051+0000] {manager.py:878} INFO - 
================================================================================
DAG File Processing Stats

File Path                                      PID    Runtime      # DAGs    # Errors  Last Runtime    Last Run
---------------------------------------------  -----  ---------  --------  ----------  --------------  -------------------
/opt/airflow/dags/00_create_schemas_dag.py                              1           0  0.89s           2026-01-13T00:29:23
/opt/airflow/dags/01_create_raw_tables_dag.py                           1           0  0.22s           2026-01-13T00:29:24
================================================================================
[2026-01-13T00:30:22.656+0000] {manager.py:878} INFO - 
================================================================================
DAG File Processing Stats

File Path                                      PID    Runtime      # DAGs    # Errors  Last Runtime    Last Run
---------------------------------------------  -----  ---------  --------  ----------  --------------  -------------------
/opt/airflow/dags/01_create_raw_tables_dag.py                           1           0  0.27s           2026-01-13T00:29:55
/opt/airflow/dags/00_create_schemas_dag.py                              1           0  0.22s           2026-01-13T00:29:54
================================================================================
[2026-01-13T00:30:53.051+0000] {manager.py:878} INFO - 
================================================================================
DAG File Processing Stats

File Path                                        PID  Runtime      # DAGs    # Errors  Last Runtime    Last Run
---------------------------------------------  -----  ---------  --------  ----------  --------------  -------------------
/opt/airflow/dags/00_create_schemas_dag.py       323  0.02s             1           0  0.35s           2026-01-13T00:30:25
/opt/airflow/dags/01_create_raw_tables_dag.py                           1           0  0.21s           2026-01-13T00:30:25
================================================================================
[2026-01-13T00:31:23.065+0000] {manager.py:878} INFO - 
================================================================================
DAG File Processing Stats

File Path                                      PID    Runtime      # DAGs    # Errors  Last Runtime    Last Run
---------------------------------------------  -----  ---------  --------  ----------  --------------  -------------------
/opt/airflow/dags/01_create_raw_tables_dag.py                           1           0  0.81s           2026-01-13T00:30:57
/opt/airflow/dags/00_create_schemas_dag.py                              1           0  0.74s           2026-01-13T00:30:53
================================================================================
[2026-01-13T00:31:53.116+0000] {manager.py:878} INFO - 
================================================================================
DAG File Processing Stats

File Path                                      PID    Runtime      # DAGs    # Errors  Last Runtime    Last Run
---------------------------------------------  -----  ---------  --------  ----------  --------------  -------------------
/opt/airflow/dags/01_create_raw_tables_dag.py                           1           0  0.53s           2026-01-13T00:31:28
/opt/airflow/dags/00_create_schemas_dag.py                              1           0  0.45s           2026-01-13T00:31:24
================================================================================
[2026-01-13T00:32:23.812+0000] {manager.py:878} INFO - 
================================================================================
DAG File Processing Stats

File Path                                      PID    Runtime      # DAGs    # Errors  Last Runtime    Last Run
---------------------------------------------  -----  ---------  --------  ----------  --------------  -------------------
/opt/airflow/dags/00_create_schemas_dag.py                              1           0  0.56s           2026-01-13T00:31:55
/opt/airflow/dags/01_create_raw_tables_dag.py                           1           0  0.27s           2026-01-13T00:31:59
================================================================================
[2026-01-13T00:32:54.276+0000] {manager.py:878} INFO - 
================================================================================
DAG File Processing Stats

File Path                                      PID    Runtime      # DAGs    # Errors  Last Runtime    Last Run
---------------------------------------------  -----  ---------  --------  ----------  --------------  -------------------
/opt/airflow/dags/01_create_raw_tables_dag.py                           1           0  1.25s           2026-01-13T00:32:31
/opt/airflow/dags/00_create_schemas_dag.py                              1           0  0.19s           2026-01-13T00:32:26
================================================================================
[2026-01-13T00:33:24.980+0000] {manager.py:878} INFO - 
================================================================================
DAG File Processing Stats

File Path                                      PID    Runtime      # DAGs    # Errors  Last Runtime    Last Run
---------------------------------------------  -----  ---------  --------  ----------  --------------  -------------------
/opt/airflow/dags/00_create_schemas_dag.py                              1           0  0.27s           2026-01-13T00:32:56
/opt/airflow/dags/01_create_raw_tables_dag.py                           1           0  0.25s           2026-01-13T00:33:01
================================================================================
[2026-01-13T00:33:45.257+0000] {manager.py:737} INFO - Searching for files in /opt/airflow/dags
[2026-01-13T00:33:45.276+0000] {manager.py:740} INFO - There are 2 files in /opt/airflow/dags
[2026-01-13T00:33:55.385+0000] {manager.py:878} INFO - 
================================================================================
DAG File Processing Stats

File Path                                      PID    Runtime      # DAGs    # Errors  Last Runtime    Last Run
---------------------------------------------  -----  ---------  --------  ----------  --------------  -------------------
/opt/airflow/dags/00_create_schemas_dag.py                              1           0  0.34s           2026-01-13T00:33:27
/opt/airflow/dags/01_create_raw_tables_dag.py                           1           0  0.24s           2026-01-13T00:33:32
================================================================================
[2026-01-13T00:34:26.117+0000] {manager.py:878} INFO - 
================================================================================
DAG File Processing Stats

File Path                                      PID    Runtime      # DAGs    # Errors  Last Runtime    Last Run
---------------------------------------------  -----  ---------  --------  ----------  --------------  -------------------
/opt/airflow/dags/00_create_schemas_dag.py                              1           0  0.42s           2026-01-13T00:33:57
/opt/airflow/dags/01_create_raw_tables_dag.py                           1           0  0.28s           2026-01-13T00:34:03
================================================================================
[2026-01-13T00:34:56.239+0000] {manager.py:878} INFO - 
================================================================================
DAG File Processing Stats

File Path                                      PID    Runtime      # DAGs    # Errors  Last Runtime    Last Run
---------------------------------------------  -----  ---------  --------  ----------  --------------  -------------------
/opt/airflow/dags/00_create_schemas_dag.py                              1           0  0.56s           2026-01-13T00:34:28
/opt/airflow/dags/01_create_raw_tables_dag.py                           1           0  0.40s           2026-01-13T00:34:33
================================================================================
[2026-01-13T00:35:26.884+0000] {manager.py:878} INFO - 
================================================================================
DAG File Processing Stats

File Path                                      PID    Runtime      # DAGs    # Errors  Last Runtime    Last Run
---------------------------------------------  -----  ---------  --------  ----------  --------------  -------------------
/opt/airflow/dags/00_create_schemas_dag.py                              1           0  0.22s           2026-01-13T00:34:59
/opt/airflow/dags/01_create_raw_tables_dag.py                           1           0  0.22s           2026-01-13T00:35:04
================================================================================
[2026-01-13T00:35:57.446+0000] {manager.py:878} INFO - 
================================================================================
DAG File Processing Stats

File Path                                      PID    Runtime      # DAGs    # Errors  Last Runtime    Last Run
---------------------------------------------  -----  ---------  --------  ----------  --------------  -------------------
/opt/airflow/dags/01_create_raw_tables_dag.py                           1           0  0.28s           2026-01-13T00:35:35
/opt/airflow/dags/00_create_schemas_dag.py                              1           0  0.20s           2026-01-13T00:35:30
================================================================================
[2026-01-13T00:36:27.875+0000] {manager.py:878} INFO - 
================================================================================
DAG File Processing Stats

File Path                                      PID    Runtime      # DAGs    # Errors  Last Runtime    Last Run
---------------------------------------------  -----  ---------  --------  ----------  --------------  -------------------
/opt/airflow/dags/00_create_schemas_dag.py                              1           0  0.46s           2026-01-13T00:36:00
/opt/airflow/dags/01_create_raw_tables_dag.py                           1           0  0.28s           2026-01-13T00:36:05
================================================================================
[2026-01-13T00:36:57.922+0000] {manager.py:878} INFO - 
================================================================================
DAG File Processing Stats

File Path                                      PID    Runtime      # DAGs    # Errors  Last Runtime    Last Run
---------------------------------------------  -----  ---------  --------  ----------  --------------  -------------------
/opt/airflow/dags/00_create_schemas_dag.py                              1           0  0.31s           2026-01-13T00:36:31
/opt/airflow/dags/01_create_raw_tables_dag.py                           1           0  0.23s           2026-01-13T00:36:36
================================================================================
[2026-01-13T00:37:28.795+0000] {manager.py:878} INFO - 
================================================================================
DAG File Processing Stats

File Path                                      PID    Runtime      # DAGs    # Errors  Last Runtime    Last Run
---------------------------------------------  -----  ---------  --------  ----------  --------------  -------------------
/opt/airflow/dags/01_create_raw_tables_dag.py                           1           0  0.58s           2026-01-13T00:37:07
/opt/airflow/dags/00_create_schemas_dag.py                              1           0  0.45s           2026-01-13T00:37:02
================================================================================
[2026-01-13T00:37:59.356+0000] {manager.py:878} INFO - 
================================================================================
DAG File Processing Stats

File Path                                      PID    Runtime      # DAGs    # Errors  Last Runtime    Last Run
---------------------------------------------  -----  ---------  --------  ----------  --------------  -------------------
/opt/airflow/dags/00_create_schemas_dag.py                              1           0  0.25s           2026-01-13T00:37:33
/opt/airflow/dags/01_create_raw_tables_dag.py                           1           0  0.22s           2026-01-13T00:37:38
================================================================================
[2026-01-13T00:41:43.538+0000] {manager.py:470} INFO - Processing files using up to 2 processes at a time 
[2026-01-13T00:41:43.541+0000] {manager.py:471} INFO - Process each file at most once every 30 seconds
[2026-01-13T00:41:43.543+0000] {manager.py:472} INFO - Checking for new files in /opt/airflow/dags every 300 seconds
[2026-01-13T00:41:43.545+0000] {manager.py:737} INFO - Searching for files in /opt/airflow/dags
[2026-01-13T00:41:43.566+0000] {manager.py:740} INFO - There are 2 files in /opt/airflow/dags
[2026-01-13T00:41:44.186+0000] {manager.py:878} INFO - 
================================================================================
DAG File Processing Stats

File Path                                        PID  Runtime      # DAGs    # Errors  Last Runtime    Last Run
---------------------------------------------  -----  ---------  --------  ----------  --------------  ----------
/opt/airflow/dags/00_create_schemas_dag.py       162  0.23s             0           0
/opt/airflow/dags/01_create_raw_tables_dag.py    159  0.27s             0           0
================================================================================
[2026-01-13T00:42:15.115+0000] {manager.py:878} INFO - 
================================================================================
DAG File Processing Stats

File Path                                      PID    Runtime      # DAGs    # Errors  Last Runtime    Last Run
---------------------------------------------  -----  ---------  --------  ----------  --------------  -------------------
/opt/airflow/dags/01_create_raw_tables_dag.py                           1           0  2.99s           2026-01-13T00:41:46
/opt/airflow/dags/00_create_schemas_dag.py                              1           0  2.92s           2026-01-13T00:41:46
================================================================================
[2026-01-13T00:42:45.460+0000] {manager.py:878} INFO - 
================================================================================
DAG File Processing Stats

File Path                                      PID    Runtime      # DAGs    # Errors  Last Runtime    Last Run
---------------------------------------------  -----  ---------  --------  ----------  --------------  -------------------
/opt/airflow/dags/01_create_raw_tables_dag.py                           1           0  1.44s           2026-01-13T00:42:18
/opt/airflow/dags/00_create_schemas_dag.py                              1           0  1.41s           2026-01-13T00:42:18
================================================================================
[2026-01-13T00:43:16.118+0000] {manager.py:878} INFO - 
================================================================================
DAG File Processing Stats

File Path                                      PID    Runtime      # DAGs    # Errors  Last Runtime    Last Run
---------------------------------------------  -----  ---------  --------  ----------  --------------  -------------------
/opt/airflow/dags/01_create_raw_tables_dag.py                           1           0  2.17s           2026-01-13T00:42:51
/opt/airflow/dags/00_create_schemas_dag.py                              1           0  2.14s           2026-01-13T00:42:51
================================================================================
[2026-01-13T00:43:46.863+0000] {manager.py:878} INFO - 
================================================================================
DAG File Processing Stats

File Path                                      PID    Runtime      # DAGs    # Errors  Last Runtime    Last Run
---------------------------------------------  -----  ---------  --------  ----------  --------------  -------------------
/opt/airflow/dags/01_create_raw_tables_dag.py                           1           0  0.39s           2026-01-13T00:43:22
/opt/airflow/dags/00_create_schemas_dag.py                              1           0  0.39s           2026-01-13T00:43:22
================================================================================
[2026-01-13T00:44:17.534+0000] {manager.py:878} INFO - 
================================================================================
DAG File Processing Stats

File Path                                      PID    Runtime      # DAGs    # Errors  Last Runtime    Last Run
---------------------------------------------  -----  ---------  --------  ----------  --------------  -------------------
/opt/airflow/dags/00_create_schemas_dag.py                              1           0  0.31s           2026-01-13T00:43:53
/opt/airflow/dags/01_create_raw_tables_dag.py                           1           0  0.31s           2026-01-13T00:43:53
================================================================================
[2026-01-13T00:44:47.755+0000] {manager.py:878} INFO - 
================================================================================
DAG File Processing Stats

File Path                                      PID    Runtime      # DAGs    # Errors  Last Runtime    Last Run
---------------------------------------------  -----  ---------  --------  ----------  --------------  -------------------
/opt/airflow/dags/01_create_raw_tables_dag.py                           1           0  1.93s           2026-01-13T00:44:25
/opt/airflow/dags/00_create_schemas_dag.py                              1           0  1.51s           2026-01-13T00:44:25
================================================================================
[2026-01-13T00:45:18.623+0000] {manager.py:878} INFO - 
================================================================================
DAG File Processing Stats

File Path                                      PID    Runtime      # DAGs    # Errors  Last Runtime    Last Run
---------------------------------------------  -----  ---------  --------  ----------  --------------  -------------------
/opt/airflow/dags/00_create_schemas_dag.py                              1           0  0.86s           2026-01-13T00:44:56
/opt/airflow/dags/01_create_raw_tables_dag.py                           1           0  0.56s           2026-01-13T00:44:56
================================================================================
[2026-01-13T00:45:48.887+0000] {manager.py:878} INFO - 
================================================================================
DAG File Processing Stats

File Path                                      PID    Runtime      # DAGs    # Errors  Last Runtime    Last Run
---------------------------------------------  -----  ---------  --------  ----------  --------------  -------------------
/opt/airflow/dags/00_create_schemas_dag.py                              1           0  0.77s           2026-01-13T00:45:27
/opt/airflow/dags/01_create_raw_tables_dag.py                           1           0  0.76s           2026-01-13T00:45:27
================================================================================
[2026-01-13T00:46:19.065+0000] {manager.py:878} INFO - 
================================================================================
DAG File Processing Stats

File Path                                      PID    Runtime      # DAGs    # Errors  Last Runtime    Last Run
---------------------------------------------  -----  ---------  --------  ----------  --------------  -------------------
/opt/airflow/dags/01_create_raw_tables_dag.py                           1           0  0.42s           2026-01-13T00:45:58
/opt/airflow/dags/00_create_schemas_dag.py                              1           0  0.39s           2026-01-13T00:45:58
================================================================================
[2026-01-13T00:46:43.732+0000] {manager.py:737} INFO - Searching for files in /opt/airflow/dags
[2026-01-13T00:46:43.750+0000] {manager.py:740} INFO - There are 2 files in /opt/airflow/dags
[2026-01-13T00:46:49.824+0000] {manager.py:878} INFO - 
================================================================================
DAG File Processing Stats

File Path                                      PID    Runtime      # DAGs    # Errors  Last Runtime    Last Run
---------------------------------------------  -----  ---------  --------  ----------  --------------  -------------------
/opt/airflow/dags/00_create_schemas_dag.py                              1           0  0.45s           2026-01-13T00:46:29
/opt/airflow/dags/01_create_raw_tables_dag.py                           1           0  0.39s           2026-01-13T00:46:29
================================================================================
[2026-01-13T00:47:20.392+0000] {manager.py:878} INFO - 
================================================================================
DAG File Processing Stats

File Path                                      PID    Runtime      # DAGs    # Errors  Last Runtime    Last Run
---------------------------------------------  -----  ---------  --------  ----------  --------------  -------------------
/opt/airflow/dags/00_create_schemas_dag.py                              1           0  0.30s           2026-01-13T00:47:00
/opt/airflow/dags/01_create_raw_tables_dag.py                           1           0  0.29s           2026-01-13T00:47:00
================================================================================
[2026-01-13T00:47:51.033+0000] {manager.py:878} INFO - 
================================================================================
DAG File Processing Stats

File Path                                      PID    Runtime      # DAGs    # Errors  Last Runtime    Last Run
---------------------------------------------  -----  ---------  --------  ----------  --------------  -------------------
/opt/airflow/dags/01_create_raw_tables_dag.py                           1           0  0.26s           2026-01-13T00:47:30
/opt/airflow/dags/00_create_schemas_dag.py                              1           0  0.25s           2026-01-13T00:47:30
================================================================================
[2026-01-13T00:48:21.900+0000] {manager.py:878} INFO - 
================================================================================
DAG File Processing Stats

File Path                                      PID    Runtime      # DAGs    # Errors  Last Runtime    Last Run
---------------------------------------------  -----  ---------  --------  ----------  --------------  -------------------
/opt/airflow/dags/00_create_schemas_dag.py                              1           0  0.49s           2026-01-13T00:48:01
/opt/airflow/dags/01_create_raw_tables_dag.py                           1           0  0.43s           2026-01-13T00:48:01
================================================================================
[2026-01-13T00:48:52.042+0000] {manager.py:878} INFO - 
================================================================================
DAG File Processing Stats

File Path                                      PID    Runtime      # DAGs    # Errors  Last Runtime    Last Run
---------------------------------------------  -----  ---------  --------  ----------  --------------  -------------------
/opt/airflow/dags/01_create_raw_tables_dag.py                           1           0  0.52s           2026-01-13T00:48:32
/opt/airflow/dags/00_create_schemas_dag.py                              1           0  0.41s           2026-01-13T00:48:32
================================================================================
[2026-01-13T00:49:22.703+0000] {manager.py:878} INFO - 
================================================================================
DAG File Processing Stats

File Path                                      PID    Runtime      # DAGs    # Errors  Last Runtime    Last Run
---------------------------------------------  -----  ---------  --------  ----------  --------------  -------------------
/opt/airflow/dags/01_create_raw_tables_dag.py                           1           0  0.37s           2026-01-13T00:49:03
/opt/airflow/dags/00_create_schemas_dag.py                              1           0  0.34s           2026-01-13T00:49:03
================================================================================
[2026-01-13T00:49:53.255+0000] {manager.py:878} INFO - 
================================================================================
DAG File Processing Stats

File Path                                      PID    Runtime      # DAGs    # Errors  Last Runtime    Last Run
---------------------------------------------  -----  ---------  --------  ----------  --------------  -------------------
/opt/airflow/dags/01_create_raw_tables_dag.py                           1           0  0.35s           2026-01-13T00:49:34
/opt/airflow/dags/00_create_schemas_dag.py                              1           0  0.32s           2026-01-13T00:49:34
================================================================================
[2026-01-13T00:50:23.908+0000] {manager.py:878} INFO - 
================================================================================
DAG File Processing Stats

File Path                                      PID    Runtime      # DAGs    # Errors  Last Runtime    Last Run
---------------------------------------------  -----  ---------  --------  ----------  --------------  -------------------
/opt/airflow/dags/00_create_schemas_dag.py                              1           0  0.40s           2026-01-13T00:50:04
/opt/airflow/dags/01_create_raw_tables_dag.py                           1           0  0.40s           2026-01-13T00:50:04
================================================================================
[2026-01-13T00:50:54.660+0000] {manager.py:878} INFO - 
================================================================================
DAG File Processing Stats

File Path                                      PID    Runtime      # DAGs    # Errors  Last Runtime    Last Run
---------------------------------------------  -----  ---------  --------  ----------  --------------  -------------------
/opt/airflow/dags/01_create_raw_tables_dag.py                           1           0  0.48s           2026-01-13T00:50:35
/opt/airflow/dags/00_create_schemas_dag.py                              1           0  0.47s           2026-01-13T00:50:35
================================================================================
[2026-01-13T00:51:25.461+0000] {manager.py:878} INFO - 
================================================================================
DAG File Processing Stats

File Path                                      PID    Runtime      # DAGs    # Errors  Last Runtime    Last Run
---------------------------------------------  -----  ---------  --------  ----------  --------------  -------------------
/opt/airflow/dags/00_create_schemas_dag.py                              1           0  0.51s           2026-01-13T00:51:06
/opt/airflow/dags/01_create_raw_tables_dag.py                           1           0  0.50s           2026-01-13T00:51:06
================================================================================
[2026-01-13T00:51:44.153+0000] {manager.py:737} INFO - Searching for files in /opt/airflow/dags
[2026-01-13T00:51:44.170+0000] {manager.py:740} INFO - There are 2 files in /opt/airflow/dags
[2026-01-13T00:51:56.299+0000] {manager.py:878} INFO - 
================================================================================
DAG File Processing Stats

File Path                                      PID    Runtime      # DAGs    # Errors  Last Runtime    Last Run
---------------------------------------------  -----  ---------  --------  ----------  --------------  -------------------
/opt/airflow/dags/01_create_raw_tables_dag.py                           1           0  0.47s           2026-01-13T00:51:37
/opt/airflow/dags/00_create_schemas_dag.py                              1           0  0.45s           2026-01-13T00:51:37
================================================================================
[2026-01-13T00:52:26.957+0000] {manager.py:878} INFO - 
================================================================================
DAG File Processing Stats

File Path                                      PID    Runtime      # DAGs    # Errors  Last Runtime    Last Run
---------------------------------------------  -----  ---------  --------  ----------  --------------  -------------------
/opt/airflow/dags/01_create_raw_tables_dag.py                           1           0  0.25s           2026-01-13T00:52:07
/opt/airflow/dags/00_create_schemas_dag.py                              1           0  0.24s           2026-01-13T00:52:07
================================================================================
[2026-01-13T00:52:57.866+0000] {manager.py:878} INFO - 
================================================================================
DAG File Processing Stats

File Path                                      PID    Runtime      # DAGs    # Errors  Last Runtime    Last Run
---------------------------------------------  -----  ---------  --------  ----------  --------------  -------------------
/opt/airflow/dags/01_create_raw_tables_dag.py                           1           0  0.47s           2026-01-13T00:52:38
/opt/airflow/dags/00_create_schemas_dag.py                              1           0  0.47s           2026-01-13T00:52:38
================================================================================
[2026-01-13T00:53:28.629+0000] {manager.py:878} INFO - 
================================================================================
DAG File Processing Stats

File Path                                      PID    Runtime      # DAGs    # Errors  Last Runtime    Last Run
---------------------------------------------  -----  ---------  --------  ----------  --------------  -------------------
/opt/airflow/dags/01_create_raw_tables_dag.py                           1           0  0.42s           2026-01-13T00:53:09
/opt/airflow/dags/00_create_schemas_dag.py                              1           0  0.40s           2026-01-13T00:53:09
================================================================================
[2026-01-13T00:53:59.398+0000] {manager.py:878} INFO - 
================================================================================
DAG File Processing Stats

File Path                                      PID    Runtime      # DAGs    # Errors  Last Runtime    Last Run
---------------------------------------------  -----  ---------  --------  ----------  --------------  -------------------
/opt/airflow/dags/01_create_raw_tables_dag.py                           1           0  0.29s           2026-01-13T00:53:40
/opt/airflow/dags/00_create_schemas_dag.py                              1           0  0.29s           2026-01-13T00:53:40
================================================================================
[2026-01-13T00:55:54.912+0000] {manager.py:470} INFO - Processing files using up to 2 processes at a time 
[2026-01-13T00:55:54.914+0000] {manager.py:471} INFO - Process each file at most once every 30 seconds
[2026-01-13T00:55:54.917+0000] {manager.py:472} INFO - Checking for new files in /opt/airflow/dags every 300 seconds
[2026-01-13T00:55:54.918+0000] {manager.py:737} INFO - Searching for files in /opt/airflow/dags
[2026-01-13T00:55:54.945+0000] {manager.py:740} INFO - There are 2 files in /opt/airflow/dags
[2026-01-13T00:55:55.639+0000] {manager.py:878} INFO - 
================================================================================
DAG File Processing Stats

File Path                                        PID  Runtime      # DAGs    # Errors  Last Runtime    Last Run
---------------------------------------------  -----  ---------  --------  ----------  --------------  ----------
/opt/airflow/dags/00_create_schemas_dag.py       163  0.28s             0           0
/opt/airflow/dags/01_create_raw_tables_dag.py    160  0.30s             0           0
================================================================================
[2026-01-13T00:56:26.099+0000] {manager.py:878} INFO - 
================================================================================
DAG File Processing Stats

File Path                                      PID    Runtime      # DAGs    # Errors  Last Runtime    Last Run
---------------------------------------------  -----  ---------  --------  ----------  --------------  -------------------
/opt/airflow/dags/01_create_raw_tables_dag.py                           1           0  2.10s           2026-01-13T00:55:57
/opt/airflow/dags/00_create_schemas_dag.py                              1           0  2.07s           2026-01-13T00:55:57
================================================================================
[2026-01-13T00:56:57.003+0000] {manager.py:878} INFO - 
================================================================================
DAG File Processing Stats

File Path                                      PID    Runtime      # DAGs    # Errors  Last Runtime    Last Run
---------------------------------------------  -----  ---------  --------  ----------  --------------  -------------------
/opt/airflow/dags/01_create_raw_tables_dag.py                           1           0  0.42s           2026-01-13T00:56:28
/opt/airflow/dags/00_create_schemas_dag.py                              1           0  0.40s           2026-01-13T00:56:28
================================================================================
[2026-01-13T00:57:27.746+0000] {manager.py:878} INFO - 
================================================================================
DAG File Processing Stats

File Path                                      PID    Runtime      # DAGs    # Errors  Last Runtime    Last Run
---------------------------------------------  -----  ---------  --------  ----------  --------------  -------------------
/opt/airflow/dags/01_create_raw_tables_dag.py                           1           0  0.60s           2026-01-13T00:56:59
/opt/airflow/dags/00_create_schemas_dag.py                              1           0  0.56s           2026-01-13T00:56:59
================================================================================
[2026-01-13T00:57:57.843+0000] {manager.py:878} INFO - 
================================================================================
DAG File Processing Stats

File Path                                      PID    Runtime      # DAGs    # Errors  Last Runtime    Last Run
---------------------------------------------  -----  ---------  --------  ----------  --------------  -------------------
/opt/airflow/dags/00_create_schemas_dag.py                              1           0  0.47s           2026-01-13T00:57:30
/opt/airflow/dags/01_create_raw_tables_dag.py                           1           0  0.46s           2026-01-13T00:57:30
================================================================================
[2026-01-13T00:58:28.384+0000] {manager.py:878} INFO - 
================================================================================
DAG File Processing Stats

File Path                                      PID    Runtime      # DAGs    # Errors  Last Runtime    Last Run
---------------------------------------------  -----  ---------  --------  ----------  --------------  -------------------
/opt/airflow/dags/01_create_raw_tables_dag.py                           1           0  0.69s           2026-01-13T00:58:01
/opt/airflow/dags/00_create_schemas_dag.py                              1           0  0.61s           2026-01-13T00:58:01
================================================================================
[2026-01-13T00:58:58.662+0000] {manager.py:878} INFO - 
================================================================================
DAG File Processing Stats

File Path                                      PID    Runtime      # DAGs    # Errors  Last Runtime    Last Run
---------------------------------------------  -----  ---------  --------  ----------  --------------  -------------------
/opt/airflow/dags/01_create_raw_tables_dag.py                           1           0  0.95s           2026-01-13T00:58:32
/opt/airflow/dags/00_create_schemas_dag.py                              1           0  0.64s           2026-01-13T00:58:32
================================================================================
[2026-01-13T00:59:28.974+0000] {manager.py:878} INFO - 
================================================================================
DAG File Processing Stats

File Path                                      PID    Runtime      # DAGs    # Errors  Last Runtime    Last Run
---------------------------------------------  -----  ---------  --------  ----------  --------------  -------------------
/opt/airflow/dags/01_create_raw_tables_dag.py                           1           0  0.44s           2026-01-13T00:59:03
/opt/airflow/dags/00_create_schemas_dag.py                              1           0  0.38s           2026-01-13T00:59:03
================================================================================
[2026-01-13T00:59:59.239+0000] {manager.py:878} INFO - 
================================================================================
DAG File Processing Stats

File Path                                      PID    Runtime      # DAGs    # Errors  Last Runtime    Last Run
---------------------------------------------  -----  ---------  --------  ----------  --------------  -------------------
/opt/airflow/dags/01_create_raw_tables_dag.py                           1           0  0.67s           2026-01-13T00:59:34
/opt/airflow/dags/00_create_schemas_dag.py                              1           0  0.65s           2026-01-13T00:59:34
================================================================================
[2026-01-13T01:00:29.914+0000] {manager.py:878} INFO - 
================================================================================
DAG File Processing Stats

File Path                                      PID    Runtime      # DAGs    # Errors  Last Runtime    Last Run
---------------------------------------------  -----  ---------  --------  ----------  --------------  -------------------
/opt/airflow/dags/01_create_raw_tables_dag.py                           1           0  1.72s           2026-01-13T01:00:06
/opt/airflow/dags/00_create_schemas_dag.py                              1           0  1.62s           2026-01-13T01:00:06
================================================================================
[2026-01-13T01:00:55.072+0000] {manager.py:737} INFO - Searching for files in /opt/airflow/dags
[2026-01-13T01:00:55.102+0000] {manager.py:740} INFO - There are 2 files in /opt/airflow/dags
[2026-01-13T01:01:00.294+0000] {manager.py:878} INFO - 
================================================================================
DAG File Processing Stats

File Path                                      PID    Runtime      # DAGs    # Errors  Last Runtime    Last Run
---------------------------------------------  -----  ---------  --------  ----------  --------------  -------------------
/opt/airflow/dags/01_create_raw_tables_dag.py                           1           0  0.68s           2026-01-13T01:00:37
/opt/airflow/dags/00_create_schemas_dag.py                              1           0  0.66s           2026-01-13T01:00:37
================================================================================
[2026-01-13T01:01:31.136+0000] {manager.py:878} INFO - 
================================================================================
DAG File Processing Stats

File Path                                      PID    Runtime      # DAGs    # Errors  Last Runtime    Last Run
---------------------------------------------  -----  ---------  --------  ----------  --------------  -------------------
/opt/airflow/dags/00_create_schemas_dag.py                              1           0  0.38s           2026-01-13T01:01:08
/opt/airflow/dags/01_create_raw_tables_dag.py                           1           0  0.37s           2026-01-13T01:01:08
================================================================================
[2026-01-13T01:02:01.587+0000] {manager.py:878} INFO - 
================================================================================
DAG File Processing Stats

File Path                                      PID    Runtime      # DAGs    # Errors  Last Runtime    Last Run
---------------------------------------------  -----  ---------  --------  ----------  --------------  -------------------
/opt/airflow/dags/01_create_raw_tables_dag.py                           1           0  0.83s           2026-01-13T01:01:40
/opt/airflow/dags/00_create_schemas_dag.py                              1           0  0.81s           2026-01-13T01:01:40
================================================================================
[2026-01-13T01:02:31.725+0000] {manager.py:878} INFO - 
================================================================================
DAG File Processing Stats

File Path                                      PID    Runtime      # DAGs    # Errors  Last Runtime    Last Run
---------------------------------------------  -----  ---------  --------  ----------  --------------  -------------------
/opt/airflow/dags/00_create_schemas_dag.py                              1           0  0.59s           2026-01-13T01:02:11
/opt/airflow/dags/01_create_raw_tables_dag.py                           1           0  0.30s           2026-01-13T01:02:11
================================================================================
[2026-01-13T01:03:01.775+0000] {manager.py:878} INFO - 
================================================================================
DAG File Processing Stats

File Path                                      PID    Runtime      # DAGs    # Errors  Last Runtime    Last Run
---------------------------------------------  -----  ---------  --------  ----------  --------------  -------------------
/opt/airflow/dags/01_create_raw_tables_dag.py                           1           0  0.98s           2026-01-13T01:02:42
/opt/airflow/dags/00_create_schemas_dag.py                              1           0  0.96s           2026-01-13T01:02:42
================================================================================
[2026-01-13T01:03:31.918+0000] {manager.py:878} INFO - 
================================================================================
DAG File Processing Stats

File Path                                      PID    Runtime      # DAGs    # Errors  Last Runtime    Last Run
---------------------------------------------  -----  ---------  --------  ----------  --------------  -------------------
/opt/airflow/dags/00_create_schemas_dag.py                              1           0  0.70s           2026-01-13T01:03:13
/opt/airflow/dags/01_create_raw_tables_dag.py                           1           0  0.64s           2026-01-13T01:03:13
================================================================================
[2026-01-13T01:04:02.646+0000] {manager.py:878} INFO - 
================================================================================
DAG File Processing Stats

File Path                                      PID    Runtime      # DAGs    # Errors  Last Runtime    Last Run
---------------------------------------------  -----  ---------  --------  ----------  --------------  -------------------
/opt/airflow/dags/01_create_raw_tables_dag.py                           1           0  1.42s           2026-01-13T01:03:45
/opt/airflow/dags/00_create_schemas_dag.py                              1           0  0.96s           2026-01-13T01:03:45
================================================================================
