[2026-01-13T00:57:12.074+0000] {local_task_job_runner.py:120} INFO - ::group::Pre task execution logs
[2026-01-13T00:57:12.242+0000] {taskinstance.py:2076} INFO - Dependencies all met for dep_context=non-requeueable deps ti=<TaskInstance: 00_create_schemas.create_schemas manual__2026-01-13T00:57:09.225653+00:00 [queued]>
[2026-01-13T00:57:12.301+0000] {taskinstance.py:2076} INFO - Dependencies all met for dep_context=requeueable deps ti=<TaskInstance: 00_create_schemas.create_schemas manual__2026-01-13T00:57:09.225653+00:00 [queued]>
[2026-01-13T00:57:12.312+0000] {taskinstance.py:2306} INFO - Starting attempt 1 of 1
[2026-01-13T00:57:12.416+0000] {taskinstance.py:2330} INFO - Executing <Task(MsSqlOperator): create_schemas> on 2026-01-13 00:57:09.225653+00:00
[2026-01-13T00:57:12.430+0000] {standard_task_runner.py:64} INFO - Started process 191 to run task
[2026-01-13T00:57:12.463+0000] {standard_task_runner.py:90} INFO - Running: ['***', 'tasks', 'run', '00_create_schemas', 'create_schemas', 'manual__2026-01-13T00:57:09.225653+00:00', '--job-id', '4', '--raw', '--subdir', 'DAGS_FOLDER/00_create_schemas_dag.py', '--cfg-path', '/tmp/tmp1_cajqm0']
[2026-01-13T00:57:12.473+0000] {standard_task_runner.py:91} INFO - Job 4: Subtask create_schemas
[2026-01-13T00:57:12.825+0000] {task_command.py:426} INFO - Running <TaskInstance: 00_create_schemas.create_schemas manual__2026-01-13T00:57:09.225653+00:00 [running]> on host d24bab73cd68
[2026-01-13T00:57:13.113+0000] {taskinstance.py:2648} INFO - Exporting env vars: AIRFLOW_CTX_DAG_OWNER='***' AIRFLOW_CTX_DAG_ID='00_create_schemas' AIRFLOW_CTX_TASK_ID='create_schemas' AIRFLOW_CTX_EXECUTION_DATE='2026-01-13T00:57:09.225653+00:00' AIRFLOW_CTX_TRY_NUMBER='1' AIRFLOW_CTX_DAG_RUN_ID='manual__2026-01-13T00:57:09.225653+00:00'
[2026-01-13T00:57:13.116+0000] {taskinstance.py:430} INFO - ::endgroup::
[2026-01-13T00:57:13.285+0000] {sql.py:282} INFO - Executing: -- Crea schemas base del DWH
IF NOT EXISTS (SELECT 1 FROM sys.schemas WHERE name = 'raw')
    EXEC('CREATE SCHEMA raw');
IF NOT EXISTS (SELECT 1 FROM sys.schemas WHERE name = 'stg')
    EXEC('CREATE SCHEMA stg');
IF NOT EXISTS (SELECT 1 FROM sys.schemas WHERE name = 'mart')
    EXEC('CREATE SCHEMA mart');
GO
[2026-01-13T00:57:13.334+0000] {taskinstance.py:441} INFO - ::group::Post task execution logs
[2026-01-13T00:57:13.363+0000] {taskinstance.py:2905} ERROR - Task failed with exception
Traceback (most recent call last):
  File "/home/airflow/.local/lib/python3.10/site-packages/airflow/models/taskinstance.py", line 465, in _execute_task
    result = _execute_callable(context=context, **execute_callable_kwargs)
  File "/home/airflow/.local/lib/python3.10/site-packages/airflow/models/taskinstance.py", line 432, in _execute_callable
    return execute_callable(context=context, **execute_callable_kwargs)
  File "/home/airflow/.local/lib/python3.10/site-packages/airflow/models/baseoperator.py", line 401, in wrapper
    return func(self, *args, **kwargs)
  File "/home/airflow/.local/lib/python3.10/site-packages/airflow/providers/common/sql/operators/sql.py", line 283, in execute
    hook = self.get_db_hook()
  File "/home/airflow/.local/lib/python3.10/site-packages/airflow/providers/common/sql/operators/sql.py", line 194, in get_db_hook
    return self._hook
  File "/usr/local/lib/python3.10/functools.py", line 981, in __get__
    val = self.func(instance)
  File "/home/airflow/.local/lib/python3.10/site-packages/airflow/providers/common/sql/operators/sql.py", line 153, in _hook
    conn = BaseHook.get_connection(conn_id)
  File "/home/airflow/.local/lib/python3.10/site-packages/airflow/hooks/base.py", line 83, in get_connection
    conn = Connection.get_connection_from_secrets(conn_id)
  File "/home/airflow/.local/lib/python3.10/site-packages/airflow/models/connection.py", line 519, in get_connection_from_secrets
    raise AirflowNotFoundException(f"The conn_id `{conn_id}` isn't defined")
airflow.exceptions.AirflowNotFoundException: The conn_id `sqlserver_hacienda` isn't defined
[2026-01-13T00:57:13.385+0000] {taskinstance.py:1206} INFO - Marking task as FAILED. dag_id=00_create_schemas, task_id=create_schemas, run_id=manual__2026-01-13T00:57:09.225653+00:00, execution_date=20260113T005709, start_date=20260113T005712, end_date=20260113T005713
[2026-01-13T00:57:13.436+0000] {standard_task_runner.py:110} ERROR - Failed to execute job 4 for task create_schemas (The conn_id `sqlserver_hacienda` isn't defined; 191)
[2026-01-13T00:57:13.453+0000] {local_task_job_runner.py:243} INFO - Task exited with return code 1
[2026-01-13T00:57:13.517+0000] {taskinstance.py:3503} INFO - 0 downstream tasks scheduled from follow-on schedule check
[2026-01-13T00:57:13.523+0000] {local_task_job_runner.py:222} INFO - ::endgroup::
