[2026-01-13T01:01:02.441+0000] {local_task_job_runner.py:120} INFO - ::group::Pre task execution logs
[2026-01-13T01:01:02.542+0000] {taskinstance.py:2076} INFO - Dependencies all met for dep_context=non-requeueable deps ti=<TaskInstance: 00_create_schemas.create_schemas manual__2026-01-13T01:01:00.541728+00:00 [queued]>
[2026-01-13T01:01:02.574+0000] {taskinstance.py:2076} INFO - Dependencies all met for dep_context=requeueable deps ti=<TaskInstance: 00_create_schemas.create_schemas manual__2026-01-13T01:01:00.541728+00:00 [queued]>
[2026-01-13T01:01:02.575+0000] {taskinstance.py:2306} INFO - Starting attempt 1 of 1
[2026-01-13T01:01:02.617+0000] {taskinstance.py:2330} INFO - Executing <Task(MsSqlOperator): create_schemas> on 2026-01-13 01:01:00.541728+00:00
[2026-01-13T01:01:02.636+0000] {standard_task_runner.py:90} INFO - Running: ['***', 'tasks', 'run', '00_create_schemas', 'create_schemas', 'manual__2026-01-13T01:01:00.541728+00:00', '--job-id', '5', '--raw', '--subdir', 'DAGS_FOLDER/00_create_schemas_dag.py', '--cfg-path', '/tmp/tmpwasworoz']
[2026-01-13T01:01:02.653+0000] {standard_task_runner.py:91} INFO - Job 5: Subtask create_schemas
[2026-01-13T01:01:02.635+0000] {standard_task_runner.py:64} INFO - Started process 263 to run task
[2026-01-13T01:01:03.227+0000] {task_command.py:426} INFO - Running <TaskInstance: 00_create_schemas.create_schemas manual__2026-01-13T01:01:00.541728+00:00 [running]> on host d24bab73cd68
[2026-01-13T01:01:03.689+0000] {taskinstance.py:2648} INFO - Exporting env vars: AIRFLOW_CTX_DAG_OWNER='***' AIRFLOW_CTX_DAG_ID='00_create_schemas' AIRFLOW_CTX_TASK_ID='create_schemas' AIRFLOW_CTX_EXECUTION_DATE='2026-01-13T01:01:00.541728+00:00' AIRFLOW_CTX_TRY_NUMBER='1' AIRFLOW_CTX_DAG_RUN_ID='manual__2026-01-13T01:01:00.541728+00:00'
[2026-01-13T01:01:03.691+0000] {taskinstance.py:430} INFO - ::endgroup::
[2026-01-13T01:01:03.747+0000] {sql.py:282} INFO - Executing: -- Crea schemas base del DWH
IF NOT EXISTS (SELECT 1 FROM sys.schemas WHERE name = 'raw')
    EXEC('CREATE SCHEMA raw');
IF NOT EXISTS (SELECT 1 FROM sys.schemas WHERE name = 'stg')
    EXEC('CREATE SCHEMA stg');
IF NOT EXISTS (SELECT 1 FROM sys.schemas WHERE name = 'mart')
    EXEC('CREATE SCHEMA mart');
GO
[2026-01-13T01:01:03.861+0000] {base.py:84} INFO - Using connection ID 'sqlserver_hacienda' for task execution.
[2026-01-13T01:01:03.979+0000] {base.py:84} INFO - Using connection ID 'sqlserver_hacienda' for task execution.
[2026-01-13T01:01:04.208+0000] {sql.py:495} INFO - Running statement: -- Crea schemas base del DWH
IF NOT EXISTS (SELECT 1 FROM sys.schemas WHERE name = 'raw')
    EXEC('CREATE SCHEMA raw');
IF NOT EXISTS (SELECT 1 FROM sys.schemas WHERE name = 'stg')
    EXEC('CREATE SCHEMA stg');
IF NOT EXISTS (SELECT 1 FROM sys.schemas WHERE name = 'mart')
    EXEC('CREATE SCHEMA mart');
GO, parameters: None
[2026-01-13T01:01:04.229+0000] {taskinstance.py:441} INFO - ::group::Post task execution logs
[2026-01-13T01:01:04.232+0000] {taskinstance.py:2905} ERROR - Task failed with exception
Traceback (most recent call last):
  File "src/pymssql/_pymssql.pyx", line 447, in pymssql._pymssql.Cursor.execute
  File "src/pymssql/_mssql.pyx", line 1145, in pymssql._mssql.MSSQLConnection.execute_query
  File "src/pymssql/_mssql.pyx", line 1176, in pymssql._mssql.MSSQLConnection.execute_query
  File "src/pymssql/_mssql.pyx", line 1309, in pymssql._mssql.MSSQLConnection.format_and_run_query
  File "src/pymssql/_mssql.pyx", line 1886, in pymssql._mssql.check_cancel_and_raise
  File "src/pymssql/_mssql.pyx", line 1932, in pymssql._mssql.raise_MSSQLDatabaseException
pymssql._mssql.MSSQLDatabaseException: (102, b"Incorrect syntax near 'GO'.DB-Lib error message 20018, severity 15:\nGeneral SQL Server error: Check messages from the SQL Server\n")

During handling of the above exception, another exception occurred:

Traceback (most recent call last):
  File "/home/airflow/.local/lib/python3.10/site-packages/airflow/models/taskinstance.py", line 465, in _execute_task
    result = _execute_callable(context=context, **execute_callable_kwargs)
  File "/home/airflow/.local/lib/python3.10/site-packages/airflow/models/taskinstance.py", line 432, in _execute_callable
    return execute_callable(context=context, **execute_callable_kwargs)
  File "/home/airflow/.local/lib/python3.10/site-packages/airflow/models/baseoperator.py", line 401, in wrapper
    return func(self, *args, **kwargs)
  File "/home/airflow/.local/lib/python3.10/site-packages/airflow/providers/common/sql/operators/sql.py", line 288, in execute
    output = hook.run(
  File "/home/airflow/.local/lib/python3.10/site-packages/airflow/providers/common/sql/hooks/sql.py", line 442, in run
    self._run_command(cur, sql_statement, parameters)
  File "/home/airflow/.local/lib/python3.10/site-packages/airflow/providers/common/sql/hooks/sql.py", line 500, in _run_command
    cur.execute(sql_statement)
  File "src/pymssql/_pymssql.pyx", line 462, in pymssql._pymssql.Cursor.execute
pymssql.exceptions.ProgrammingError: (102, b"Incorrect syntax near 'GO'.DB-Lib error message 20018, severity 15:\nGeneral SQL Server error: Check messages from the SQL Server\n")
[2026-01-13T01:01:04.295+0000] {taskinstance.py:1206} INFO - Marking task as FAILED. dag_id=00_create_schemas, task_id=create_schemas, run_id=manual__2026-01-13T01:01:00.541728+00:00, execution_date=20260113T010100, start_date=20260113T010102, end_date=20260113T010104
[2026-01-13T01:01:04.333+0000] {standard_task_runner.py:110} ERROR - Failed to execute job 5 for task create_schemas ((102, b"Incorrect syntax near 'GO'.DB-Lib error message 20018, severity 15:\nGeneral SQL Server error: Check messages from the SQL Server\n"); 263)
[2026-01-13T01:01:04.353+0000] {local_task_job_runner.py:243} INFO - Task exited with return code 1
[2026-01-13T01:01:04.390+0000] {taskinstance.py:3503} INFO - 0 downstream tasks scheduled from follow-on schedule check
[2026-01-13T01:01:04.394+0000] {local_task_job_runner.py:222} INFO - ::endgroup::
