[2026-01-13T01:02:18.639+0000] {local_task_job_runner.py:120} INFO - ::group::Pre task execution logs
[2026-01-13T01:02:18.727+0000] {taskinstance.py:2076} INFO - Dependencies all met for dep_context=non-requeueable deps ti=<TaskInstance: 00_create_schemas.create_schemas manual__2026-01-13T01:02:17.196540+00:00 [queued]>
[2026-01-13T01:02:18.752+0000] {taskinstance.py:2076} INFO - Dependencies all met for dep_context=requeueable deps ti=<TaskInstance: 00_create_schemas.create_schemas manual__2026-01-13T01:02:17.196540+00:00 [queued]>
[2026-01-13T01:02:18.753+0000] {taskinstance.py:2306} INFO - Starting attempt 1 of 1
[2026-01-13T01:02:18.783+0000] {taskinstance.py:2330} INFO - Executing <Task(MsSqlOperator): create_schemas> on 2026-01-13 01:02:17.196540+00:00
[2026-01-13T01:02:18.791+0000] {standard_task_runner.py:64} INFO - Started process 295 to run task
[2026-01-13T01:02:18.797+0000] {standard_task_runner.py:90} INFO - Running: ['***', 'tasks', 'run', '00_create_schemas', 'create_schemas', 'manual__2026-01-13T01:02:17.196540+00:00', '--job-id', '6', '--raw', '--subdir', 'DAGS_FOLDER/00_create_schemas_dag.py', '--cfg-path', '/tmp/tmpfah68y62']
[2026-01-13T01:02:18.803+0000] {standard_task_runner.py:91} INFO - Job 6: Subtask create_schemas
[2026-01-13T01:02:19.240+0000] {task_command.py:426} INFO - Running <TaskInstance: 00_create_schemas.create_schemas manual__2026-01-13T01:02:17.196540+00:00 [running]> on host d24bab73cd68
[2026-01-13T01:02:19.538+0000] {taskinstance.py:2648} INFO - Exporting env vars: AIRFLOW_CTX_DAG_OWNER='***' AIRFLOW_CTX_DAG_ID='00_create_schemas' AIRFLOW_CTX_TASK_ID='create_schemas' AIRFLOW_CTX_EXECUTION_DATE='2026-01-13T01:02:17.196540+00:00' AIRFLOW_CTX_TRY_NUMBER='1' AIRFLOW_CTX_DAG_RUN_ID='manual__2026-01-13T01:02:17.196540+00:00'
[2026-01-13T01:02:19.543+0000] {taskinstance.py:430} INFO - ::endgroup::
[2026-01-13T01:02:19.600+0000] {sql.py:282} INFO - Executing: -- Crea schemas base del DWH
IF NOT EXISTS (SELECT 1 FROM sys.schemas WHERE name = 'raw')
    EXEC('CREATE SCHEMA raw');

IF NOT EXISTS (SELECT 1 FROM sys.schemas WHERE name = 'stg')
    EXEC('CREATE SCHEMA stg');

IF NOT EXISTS (SELECT 1 FROM sys.schemas WHERE name = 'mart')
    EXEC('CREATE SCHEMA mart');
[2026-01-13T01:02:19.683+0000] {base.py:84} INFO - Using connection ID 'sqlserver_hacienda' for task execution.
[2026-01-13T01:02:19.797+0000] {base.py:84} INFO - Using connection ID 'sqlserver_hacienda' for task execution.
[2026-01-13T01:02:19.847+0000] {sql.py:495} INFO - Running statement: -- Crea schemas base del DWH
IF NOT EXISTS (SELECT 1 FROM sys.schemas WHERE name = 'raw')
    EXEC('CREATE SCHEMA raw');

IF NOT EXISTS (SELECT 1 FROM sys.schemas WHERE name = 'stg')
    EXEC('CREATE SCHEMA stg');

IF NOT EXISTS (SELECT 1 FROM sys.schemas WHERE name = 'mart')
    EXEC('CREATE SCHEMA mart');, parameters: None
[2026-01-13T01:02:19.910+0000] {taskinstance.py:441} INFO - ::group::Post task execution logs
[2026-01-13T01:02:19.940+0000] {taskinstance.py:1206} INFO - Marking task as SUCCESS. dag_id=00_create_schemas, task_id=create_schemas, run_id=manual__2026-01-13T01:02:17.196540+00:00, execution_date=20260113T010217, start_date=20260113T010218, end_date=20260113T010219
[2026-01-13T01:02:20.013+0000] {local_task_job_runner.py:243} INFO - Task exited with return code 0
[2026-01-13T01:02:20.045+0000] {taskinstance.py:3503} INFO - 0 downstream tasks scheduled from follow-on schedule check
[2026-01-13T01:02:20.049+0000] {local_task_job_runner.py:222} INFO - ::endgroup::
