[2026-01-13T01:03:53.226+0000] {local_task_job_runner.py:120} INFO - ::group::Pre task execution logs
[2026-01-13T01:03:53.307+0000] {taskinstance.py:2076} INFO - Dependencies all met for dep_context=non-requeueable deps ti=<TaskInstance: 01_create_raw_tables.create_raw_deuda_publica manual__2026-01-13T01:03:51.587187+00:00 [queued]>
[2026-01-13T01:03:53.324+0000] {taskinstance.py:2076} INFO - Dependencies all met for dep_context=requeueable deps ti=<TaskInstance: 01_create_raw_tables.create_raw_deuda_publica manual__2026-01-13T01:03:51.587187+00:00 [queued]>
[2026-01-13T01:03:53.325+0000] {taskinstance.py:2306} INFO - Starting attempt 1 of 1
[2026-01-13T01:03:53.355+0000] {taskinstance.py:2330} INFO - Executing <Task(MsSqlOperator): create_raw_deuda_publica> on 2026-01-13 01:03:51.587187+00:00
[2026-01-13T01:03:53.360+0000] {standard_task_runner.py:64} INFO - Started process 329 to run task
[2026-01-13T01:03:53.366+0000] {standard_task_runner.py:90} INFO - Running: ['***', 'tasks', 'run', '01_create_raw_tables', 'create_raw_deuda_publica', 'manual__2026-01-13T01:03:51.587187+00:00', '--job-id', '8', '--raw', '--subdir', 'DAGS_FOLDER/01_create_raw_tables_dag.py', '--cfg-path', '/tmp/tmpe5u4_e5q']
[2026-01-13T01:03:53.370+0000] {standard_task_runner.py:91} INFO - Job 8: Subtask create_raw_deuda_publica
[2026-01-13T01:03:53.545+0000] {task_command.py:426} INFO - Running <TaskInstance: 01_create_raw_tables.create_raw_deuda_publica manual__2026-01-13T01:03:51.587187+00:00 [running]> on host d24bab73cd68
[2026-01-13T01:03:54.068+0000] {taskinstance.py:2648} INFO - Exporting env vars: AIRFLOW_CTX_DAG_OWNER='***' AIRFLOW_CTX_DAG_ID='01_create_raw_tables' AIRFLOW_CTX_TASK_ID='create_raw_deuda_publica' AIRFLOW_CTX_EXECUTION_DATE='2026-01-13T01:03:51.587187+00:00' AIRFLOW_CTX_TRY_NUMBER='1' AIRFLOW_CTX_DAG_RUN_ID='manual__2026-01-13T01:03:51.587187+00:00'
[2026-01-13T01:03:54.070+0000] {taskinstance.py:430} INFO - ::endgroup::
[2026-01-13T01:03:54.099+0000] {sql.py:282} INFO - Executing: IF NOT EXISTS (
    SELECT 1
    FROM sys.tables t
    JOIN sys.schemas s ON t.schema_id = s.schema_id
    WHERE t.name = 'raw_deuda_publica'
    AND s.name = 'raw'
)
BEGIN
    CREATE TABLE raw.raw_deuda_publica (
        raw_id BIGINT IDENTITY(1,1) PRIMARY KEY,
        payload NVARCHAR(MAX) NOT NULL,
        source_system VARCHAR(50) NOT NULL,
        execution_date DATE NOT NULL,
        ingestion_timestamp DATETIME2 NOT NULL
            DEFAULT SYSUTCDATETIME(),
        page_number INT NOT NULL,
        request_hash CHAR(64) NOT NULL
    );

    CREATE UNIQUE INDEX ux_raw_deuda_publica_idempotency
        ON raw.raw_deuda_publica (request_hash);
END
[2026-01-13T01:03:54.119+0000] {base.py:84} INFO - Using connection ID 'sqlserver_hacienda' for task execution.
[2026-01-13T01:03:54.153+0000] {base.py:84} INFO - Using connection ID 'sqlserver_hacienda' for task execution.
[2026-01-13T01:03:54.173+0000] {sql.py:495} INFO - Running statement: IF NOT EXISTS (
    SELECT 1
    FROM sys.tables t
    JOIN sys.schemas s ON t.schema_id = s.schema_id
    WHERE t.name = 'raw_deuda_publica'
    AND s.name = 'raw'
)
BEGIN
    CREATE TABLE raw.raw_deuda_publica (
        raw_id BIGINT IDENTITY(1,1) PRIMARY KEY,
        payload NVARCHAR(MAX) NOT NULL,
        source_system VARCHAR(50) NOT NULL,
        execution_date DATE NOT NULL,
        ingestion_timestamp DATETIME2 NOT NULL
            DEFAULT SYSUTCDATETIME(),
        page_number INT NOT NULL,
        request_hash CHAR(64) NOT NULL
    );

    CREATE UNIQUE INDEX ux_raw_deuda_publica_idempotency
        ON raw.raw_deuda_publica (request_hash);
END, parameters: None
[2026-01-13T01:03:54.301+0000] {taskinstance.py:441} INFO - ::group::Post task execution logs
[2026-01-13T01:03:54.369+0000] {taskinstance.py:1206} INFO - Marking task as SUCCESS. dag_id=01_create_raw_tables, task_id=create_raw_deuda_publica, run_id=manual__2026-01-13T01:03:51.587187+00:00, execution_date=20260113T010351, start_date=20260113T010353, end_date=20260113T010354
[2026-01-13T01:03:54.415+0000] {local_task_job_runner.py:243} INFO - Task exited with return code 0
[2026-01-13T01:03:54.448+0000] {taskinstance.py:3503} INFO - 0 downstream tasks scheduled from follow-on schedule check
[2026-01-13T01:03:54.452+0000] {local_task_job_runner.py:222} INFO - ::endgroup::
