[2026-01-13T00:25:56.875+0000] {local_task_job_runner.py:120} INFO - ::group::Pre task execution logs
[2026-01-13T00:25:56.988+0000] {taskinstance.py:2076} INFO - Dependencies all met for dep_context=non-requeueable deps ti=<TaskInstance: 00_create_schemas.create_schemas manual__2026-01-13T00:25:54.789617+00:00 [queued]>
[2026-01-13T00:25:57.028+0000] {taskinstance.py:2076} INFO - Dependencies all met for dep_context=requeueable deps ti=<TaskInstance: 00_create_schemas.create_schemas manual__2026-01-13T00:25:54.789617+00:00 [queued]>
[2026-01-13T00:25:57.036+0000] {taskinstance.py:2306} INFO - Starting attempt 1 of 1
[2026-01-13T00:25:57.109+0000] {taskinstance.py:2330} INFO - Executing <Task(MsSqlOperator): create_schemas> on 2026-01-13 00:25:54.789617+00:00
[2026-01-13T00:25:57.135+0000] {standard_task_runner.py:64} INFO - Started process 218 to run task
[2026-01-13T00:25:57.142+0000] {standard_task_runner.py:90} INFO - Running: ['***', 'tasks', 'run', '00_create_schemas', 'create_schemas', 'manual__2026-01-13T00:25:54.789617+00:00', '--job-id', '4', '--raw', '--subdir', 'DAGS_FOLDER/00_create_schemas_dag.py', '--cfg-path', '/tmp/tmpow6e47o6']
[2026-01-13T00:25:57.152+0000] {standard_task_runner.py:91} INFO - Job 4: Subtask create_schemas
[2026-01-13T00:25:57.494+0000] {task_command.py:426} INFO - Running <TaskInstance: 00_create_schemas.create_schemas manual__2026-01-13T00:25:54.789617+00:00 [running]> on host bb06c3148102
[2026-01-13T00:25:58.221+0000] {abstractoperator.py:725} ERROR - Exception rendering Jinja template for task 'create_schemas', field 'sql'. Template: 'sql/schemas/00_create_schemas.sql'
Traceback (most recent call last):
  File "/home/airflow/.local/lib/python3.10/site-packages/airflow/models/abstractoperator.py", line 717, in _do_render_template_fields
    rendered_content = self.render_template(
  File "/home/airflow/.local/lib/python3.10/site-packages/airflow/template/templater.py", line 166, in render_template
    template = jinja_env.get_template(value)
  File "/home/airflow/.local/lib/python3.10/site-packages/jinja2/environment.py", line 1013, in get_template
    return self._load_template(name, globals)
  File "/home/airflow/.local/lib/python3.10/site-packages/jinja2/environment.py", line 972, in _load_template
    template = self.loader.load(self, name, self.make_globals(globals))
  File "/home/airflow/.local/lib/python3.10/site-packages/jinja2/loaders.py", line 126, in load
    source, filename, uptodate = self.get_source(environment, name)
  File "/home/airflow/.local/lib/python3.10/site-packages/jinja2/loaders.py", line 207, in get_source
    raise TemplateNotFound(template)
jinja2.exceptions.TemplateNotFound: sql/schemas/00_create_schemas.sql
[2026-01-13T00:25:58.234+0000] {taskinstance.py:2905} ERROR - Task failed with exception
Traceback (most recent call last):
  File "/home/airflow/.local/lib/python3.10/site-packages/airflow/models/taskinstance.py", line 2479, in _run_raw_task
    self._execute_task_with_callbacks(context, test_mode, session=session)
  File "/home/airflow/.local/lib/python3.10/site-packages/airflow/models/taskinstance.py", line 2633, in _execute_task_with_callbacks
    task_orig = self.render_templates(context=context, jinja_env=jinja_env)
  File "/home/airflow/.local/lib/python3.10/site-packages/airflow/models/taskinstance.py", line 3094, in render_templates
    original_task.render_template_fields(context, jinja_env)
  File "/home/airflow/.local/lib/python3.10/site-packages/airflow/models/baseoperator.py", line 1337, in render_template_fields
    self._do_render_template_fields(self, self.template_fields, context, jinja_env, set())
  File "/home/airflow/.local/lib/python3.10/site-packages/airflow/models/abstractoperator.py", line 717, in _do_render_template_fields
    rendered_content = self.render_template(
  File "/home/airflow/.local/lib/python3.10/site-packages/airflow/template/templater.py", line 166, in render_template
    template = jinja_env.get_template(value)
  File "/home/airflow/.local/lib/python3.10/site-packages/jinja2/environment.py", line 1013, in get_template
    return self._load_template(name, globals)
  File "/home/airflow/.local/lib/python3.10/site-packages/jinja2/environment.py", line 972, in _load_template
    template = self.loader.load(self, name, self.make_globals(globals))
  File "/home/airflow/.local/lib/python3.10/site-packages/jinja2/loaders.py", line 126, in load
    source, filename, uptodate = self.get_source(environment, name)
  File "/home/airflow/.local/lib/python3.10/site-packages/jinja2/loaders.py", line 207, in get_source
    raise TemplateNotFound(template)
jinja2.exceptions.TemplateNotFound: sql/schemas/00_create_schemas.sql
[2026-01-13T00:25:58.266+0000] {taskinstance.py:1206} INFO - Marking task as FAILED. dag_id=00_create_schemas, task_id=create_schemas, run_id=manual__2026-01-13T00:25:54.789617+00:00, execution_date=20260113T002554, start_date=20260113T002556, end_date=20260113T002558
[2026-01-13T00:25:58.292+0000] {standard_task_runner.py:110} ERROR - Failed to execute job 4 for task create_schemas (sql/schemas/00_create_schemas.sql; 218)
[2026-01-13T00:25:58.310+0000] {local_task_job_runner.py:243} INFO - Task exited with return code 1
[2026-01-13T00:25:58.356+0000] {taskinstance.py:3503} INFO - 0 downstream tasks scheduled from follow-on schedule check
[2026-01-13T00:25:58.361+0000] {local_task_job_runner.py:222} INFO - ::endgroup::
